🗑️ Removing old results.json
==========================================
    STARTING FULLY RANDOMIZED BENCHMARK
==========================================
==========================================
    STARTING RUN 1 OF 1
==========================================
--> Initiating Exp 5: GQA + RoPE (30 Layers) at Length 4096
[transformers] PyTorch was not found. Models won't be available and only tokenizers, configuration and file/data utilities can be used.
Warning: You are sending unauthenticated requests to the HF Hub. Please set a HF_TOKEN to enable higher rate limits and faster downloads.

🚀 [PID: 2476] Running Exp 5: GQA + RoPE (30 Layers) at Length 4096...
      Initializing model weights...
      Compiling XLA Graphs (This will take a moment, but only once!)...
      Params: 382.04M | VRAM: 3593.08 MB | TTFT: 0.7424s | TPOT: 0.0764s
💤 Sleeping for 1 minute to stabilize thermals...
--> Initiating Exp 5: GQA + RoPE (30 Layers) at Length 2048
[transformers] PyTorch was not found. Models won't be available and only tokenizers, configuration and file/data utilities can be used.
Warning: You are sending unauthenticated requests to the HF Hub. Please set a HF_TOKEN to enable higher rate limits and faster downloads.

🚀 [PID: 4992] Running Exp 5: GQA + RoPE (30 Layers) at Length 2048...
      Initializing model weights...
      Compiling XLA Graphs (This will take a moment, but only once!)...
      Params: 382.04M | VRAM: 2258.25 MB | TTFT: 0.4905s | TPOT: 0.0830s
💤 Sleeping for 1 minute to stabilize thermals...
--> Initiating Exp 1: Vanilla MHA (24 Layers) at Length 512
[transformers] PyTorch was not found. Models won't be available and only tokenizers, configuration and file/data utilities can be used.

🚀 [PID: 7503] Running Exp 1: Vanilla MHA (24 Layers) at Length 512...
      Initializing model weights...
      Compiling XLA Graphs (This will take a moment, but only once!)...
      Params: 354.30M | VRAM: 2094.65 MB | TTFT: 0.2447s | TPOT: 0.0478s
💤 Sleeping for 1 minute to stabilize thermals...
--> Initiating Exp 4: GQA + RoPE (28 Layers) at Length 2048
[transformers] PyTorch was not found. Models won't be available and only tokenizers, configuration and file/data utilities can be used.
Warning: You are sending unauthenticated requests to the HF Hub. Please set a HF_TOKEN to enable higher rate limits and faster downloads.

🚀 [PID: 9846] Running Exp 4: GQA + RoPE (28 Layers) at Length 2048...
      Initializing model weights...
      Compiling XLA Graphs (This will take a moment, but only once!)...
      Params: 360.00M | VRAM: 2121.60 MB | TTFT: 0.3933s | TPOT: 0.0748s
💤 Sleeping for 1 minute to stabilize thermals...
--> Initiating Exp 4: GQA + RoPE (28 Layers) at Length 4096
[transformers] PyTorch was not found. Models won't be available and only tokenizers, configuration and file/data utilities can be used.
Warning: You are sending unauthenticated requests to the HF Hub. Please set a HF_TOKEN to enable higher rate limits and faster downloads.

🚀 [PID: 12365] Running Exp 4: GQA + RoPE (28 Layers) at Length 4096...
      Initializing model weights...
      Compiling XLA Graphs (This will take a moment, but only once!)...
      Params: 360.00M | VRAM: 3376.95 MB | TTFT: 0.7680s | TPOT: 0.0743s
💤 Sleeping for 1 minute to stabilize thermals...
--> Initiating Exp 3: GTA + ALiBi (24 Layers) at Length 2048
[transformers] PyTorch was not found. Models won't be available and only tokenizers, configuration and file/data utilities can be used.
Warning: You are sending unauthenticated requests to the HF Hub. Please set a HF_TOKEN to enable higher rate limits and faster downloads.

🚀 [PID: 14891] Running Exp 3: GTA + ALiBi (24 Layers) at Length 2048...
      Initializing model weights...
      Compiling XLA Graphs (This will take a moment, but only once!)...
      Params: 328.51M | VRAM: 2016.89 MB | TTFT: 0.2918s | TPOT: 0.0494s
💤 Sleeping for 1 minute to stabilize thermals...
--> Initiating Exp 1: Vanilla MHA (24 Layers) at Length 4096
[transformers] PyTorch was not found. Models won't be available and only tokenizers, configuration and file/data utilities can be used.
Warning: You are sending unauthenticated requests to the HF Hub. Please set a HF_TOKEN to enable higher rate limits and faster downloads.

🚀 [PID: 17213] Running Exp 1: Vanilla MHA (24 Layers) at Length 4096...
      Initializing model weights...
      Compiling XLA Graphs (This will take a moment, but only once!)...
      Params: 357.97M | VRAM: 3949.71 MB | TTFT: 0.5396s | TPOT: 0.0514s
💤 Sleeping for 1 minute to stabilize thermals...
--> Initiating Exp 6: GTA + ALiBi (28 Layers) at Length 1024
[transformers] PyTorch was not found. Models won't be available and only tokenizers, configuration and file/data utilities can be used.

🚀 [PID: 19492] Running Exp 6: GTA + ALiBi (28 Layers) at Length 1024...
      Initializing model weights...
      Compiling XLA Graphs (This will take a moment, but only once!)...
      Params: 374.68M | VRAM: 2213.35 MB | TTFT: 0.2610s | TPOT: 0.0564s
💤 Sleeping for 1 minute to stabilize thermals...
--> Initiating Exp 2: GQA + RoPE (24 Layers) at Length 1024
[transformers] PyTorch was not found. Models won't be available and only tokenizers, configuration and file/data utilities can be used.
Warning: You are sending unauthenticated requests to the HF Hub. Please set a HF_TOKEN to enable higher rate limits and faster downloads.

🚀 [PID: 21824] Running Exp 2: GQA + RoPE (24 Layers) at Length 1024...
      Initializing model weights...
      Compiling XLA Graphs (This will take a moment, but only once!)...
      Params: 315.93M | VRAM: 1870.75 MB | TTFT: 0.2474s | TPOT: 0.0664s
💤 Sleeping for 1 minute to stabilize thermals...
--> Initiating Exp 7: GTA + ALiBi (30 Layers) at Length 512
[transformers] PyTorch was not found. Models won't be available and only tokenizers, configuration and file/data utilities can be used.
Warning: You are sending unauthenticated requests to the HF Hub. Please set a HF_TOKEN to enable higher rate limits and faster downloads.

🚀 [PID: 24297] Running Exp 7: GTA + ALiBi (30 Layers) at Length 512...
      Initializing model weights...
      Compiling XLA Graphs (This will take a moment, but only once!)...
      Params: 397.77M | VRAM: 2337.79 MB | TTFT: 0.2592s | TPOT: 0.0571s
💤 Sleeping for 1 minute to stabilize thermals...
--> Initiating Exp 4: GQA + RoPE (28 Layers) at Length 512
[transformers] PyTorch was not found. Models won't be available and only tokenizers, configuration and file/data utilities can be used.
Warning: You are sending unauthenticated requests to the HF Hub. Please set a HF_TOKEN to enable higher rate limits and faster downloads.

🚀 [PID: 26669] Running Exp 4: GQA + RoPE (28 Layers) at Length 512...
      Initializing model weights...
      Compiling XLA Graphs (This will take a moment, but only once!)...
      Params: 360.00M | VRAM: 2121.60 MB | TTFT: 0.2598s | TPOT: 0.0705s
💤 Sleeping for 1 minute to stabilize thermals...
--> Initiating Exp 6: GTA + ALiBi (28 Layers) at Length 512
[transformers] PyTorch was not found. Models won't be available and only tokenizers, configuration and file/data utilities can be used.

🚀 [PID: 29214] Running Exp 6: GTA + ALiBi (28 Layers) at Length 512...
      Initializing model weights...
      Compiling XLA Graphs (This will take a moment, but only once!)...
      Params: 374.68M | VRAM: 2213.35 MB | TTFT: 0.2556s | TPOT: 0.0562s
💤 Sleeping for 1 minute to stabilize thermals...
--> Initiating Exp 5: GQA + RoPE (30 Layers) at Length 1024
[transformers] PyTorch was not found. Models won't be available and only tokenizers, configuration and file/data utilities can be used.
Warning: You are sending unauthenticated requests to the HF Hub. Please set a HF_TOKEN to enable higher rate limits and faster downloads.

🚀 [PID: 31571] Running Exp 5: GQA + RoPE (30 Layers) at Length 1024...
      Initializing model weights...
      Compiling XLA Graphs (This will take a moment, but only once!)...
      Params: 382.04M | VRAM: 2258.16 MB | TTFT: 0.2742s | TPOT: 0.0787s
💤 Sleeping for 1 minute to stabilize thermals...
--> Initiating Exp 2: GQA + RoPE (24 Layers) at Length 2048
[transformers] PyTorch was not found. Models won't be available and only tokenizers, configuration and file/data utilities can be used.

🚀 [PID: 34070] Running Exp 2: GQA + RoPE (24 Layers) at Length 2048...
      Initializing model weights...
      Compiling XLA Graphs (This will take a moment, but only once!)...
      Params: 315.93M | VRAM: 1870.75 MB | TTFT: 0.3551s | TPOT: 0.0638s
💤 Sleeping for 1 minute to stabilize thermals...
--> Initiating Exp 5: GQA + RoPE (30 Layers) at Length 512
[transformers] PyTorch was not found. Models won't be available and only tokenizers, configuration and file/data utilities can be used.

🚀 [PID: 36571] Running Exp 5: GQA + RoPE (30 Layers) at Length 512...
      Initializing model weights...
      Compiling XLA Graphs (This will take a moment, but only once!)...
      Params: 382.04M | VRAM: 2258.16 MB | TTFT: 0.3221s | TPOT: 0.0805s
💤 Sleeping for 1 minute to stabilize thermals...
--> Initiating Exp 2: GQA + RoPE (24 Layers) at Length 4096
[transformers] PyTorch was not found. Models won't be available and only tokenizers, configuration and file/data utilities can be used.
Warning: You are sending unauthenticated requests to the HF Hub. Please set a HF_TOKEN to enable higher rate limits and faster downloads.

🚀 [PID: 39125] Running Exp 2: GQA + RoPE (24 Layers) at Length 4096...
      Initializing model weights...
      Compiling XLA Graphs (This will take a moment, but only once!)...
      Params: 315.93M | VRAM: 3216.97 MB | TTFT: 0.6820s | TPOT: 0.0682s
💤 Sleeping for 1 minute to stabilize thermals...
--> Initiating Exp 7: GTA + ALiBi (30 Layers) at Length 4096
[transformers] PyTorch was not found. Models won't be available and only tokenizers, configuration and file/data utilities can be used.
Warning: You are sending unauthenticated requests to the HF Hub. Please set a HF_TOKEN to enable higher rate limits and faster downloads.

🚀 [PID: 41644] Running Exp 7: GTA + ALiBi (30 Layers) at Length 4096...
      Initializing model weights...
      Compiling XLA Graphs (This will take a moment, but only once!)...
      Params: 397.77M | VRAM: 3463.92 MB | TTFT: 0.7286s | TPOT: 0.0617s
💤 Sleeping for 1 minute to stabilize thermals...
--> Initiating Exp 7: GTA + ALiBi (30 Layers) at Length 1024
[transformers] PyTorch was not found. Models won't be available and only tokenizers, configuration and file/data utilities can be used.

🚀 [PID: 43995] Running Exp 7: GTA + ALiBi (30 Layers) at Length 1024...
      Initializing model weights...
      Compiling XLA Graphs (This will take a moment, but only once!)...
      Params: 397.77M | VRAM: 2337.79 MB | TTFT: 0.2718s | TPOT: 0.0601s
💤 Sleeping for 1 minute to stabilize thermals...
--> Initiating Exp 3: GTA + ALiBi (24 Layers) at Length 4096
[transformers] PyTorch was not found. Models won't be available and only tokenizers, configuration and file/data utilities can be used.
Warning: You are sending unauthenticated requests to the HF Hub. Please set a HF_TOKEN to enable higher rate limits and faster downloads.

🚀 [PID: 46332] Running Exp 3: GTA + ALiBi (24 Layers) at Length 4096...
      Initializing model weights...
      Compiling XLA Graphs (This will take a moment, but only once!)...
      Params: 328.51M | VRAM: 3177.60 MB | TTFT: 0.5832s | TPOT: 0.0495s
💤 Sleeping for 1 minute to stabilize thermals...
--> Initiating Exp 1: Vanilla MHA (24 Layers) at Length 1024
[transformers] PyTorch was not found. Models won't be available and only tokenizers, configuration and file/data utilities can be used.

🚀 [PID: 48656] Running Exp 1: Vanilla MHA (24 Layers) at Length 1024...
      Initializing model weights...
      Compiling XLA Graphs (This will take a moment, but only once!)...
      Params: 354.83M | VRAM: 2097.65 MB | TTFT: 0.2699s | TPOT: 0.0514s
💤 Sleeping for 1 minute to stabilize thermals...
--> Initiating Exp 3: GTA + ALiBi (24 Layers) at Length 1024
[transformers] PyTorch was not found. Models won't be available and only tokenizers, configuration and file/data utilities can be used.
Warning: You are sending unauthenticated requests to the HF Hub. Please set a HF_TOKEN to enable higher rate limits and faster downloads.

🚀 [PID: 50999] Running Exp 3: GTA + ALiBi (24 Layers) at Length 1024...
      Initializing model weights...
      Compiling XLA Graphs (This will take a moment, but only once!)...
      Params: 328.51M | VRAM: 2016.89 MB | TTFT: 0.2547s | TPOT: 0.0480s
💤 Sleeping for 1 minute to stabilize thermals...
--> Initiating Exp 3: GTA + ALiBi (24 Layers) at Length 512
[transformers] PyTorch was not found. Models won't be available and only tokenizers, configuration and file/data utilities can be used.
Warning: You are sending unauthenticated requests to the HF Hub. Please set a HF_TOKEN to enable higher rate limits and faster downloads.

🚀 [PID: 53302] Running Exp 3: GTA + ALiBi (24 Layers) at Length 512...
      Initializing model weights...
      Compiling XLA Graphs (This will take a moment, but only once!)...
      Params: 328.51M | VRAM: 2016.89 MB | TTFT: 0.2535s | TPOT: 0.0497s
💤 Sleeping for 1 minute to stabilize thermals...
--> Initiating Exp 1: Vanilla MHA (24 Layers) at Length 2048
[transformers] PyTorch was not found. Models won't be available and only tokenizers, configuration and file/data utilities can be used.
Warning: You are sending unauthenticated requests to the HF Hub. Please set a HF_TOKEN to enable higher rate limits and faster downloads.

🚀 [PID: 55645] Running Exp 1: Vanilla MHA (24 Layers) at Length 2048...
      Initializing model weights...
      Compiling XLA Graphs (This will take a moment, but only once!)...
      Params: 355.88M | VRAM: 2099.65 MB | TTFT: 0.3140s | TPOT: 0.0489s
💤 Sleeping for 1 minute to stabilize thermals...
--> Initiating Exp 6: GTA + ALiBi (28 Layers) at Length 2048
[transformers] PyTorch was not found. Models won't be available and only tokenizers, configuration and file/data utilities can be used.
Warning: You are sending unauthenticated requests to the HF Hub. Please set a HF_TOKEN to enable higher rate limits and faster downloads.

🚀 [PID: 58014] Running Exp 6: GTA + ALiBi (28 Layers) at Length 2048...
      Initializing model weights...
      Compiling XLA Graphs (This will take a moment, but only once!)...
      Params: 374.68M | VRAM: 2213.35 MB | TTFT: 0.3269s | TPOT: 0.0562s
💤 Sleeping for 1 minute to stabilize thermals...
--> Initiating Exp 6: GTA + ALiBi (28 Layers) at Length 4096
[transformers] PyTorch was not found. Models won't be available and only tokenizers, configuration and file/data utilities can be used.
Warning: You are sending unauthenticated requests to the HF Hub. Please set a HF_TOKEN to enable higher rate limits and faster downloads.

🚀 [PID: 60390] Running Exp 6: GTA + ALiBi (28 Layers) at Length 4096...
      Initializing model weights...
      Compiling XLA Graphs (This will take a moment, but only once!)...
      Params: 374.68M | VRAM: 3292.91 MB | TTFT: 0.6402s | TPOT: 0.0586s
💤 Sleeping for 1 minute to stabilize thermals...
--> Initiating Exp 4: GQA + RoPE (28 Layers) at Length 1024
[transformers] PyTorch was not found. Models won't be available and only tokenizers, configuration and file/data utilities can be used.
Warning: You are sending unauthenticated requests to the HF Hub. Please set a HF_TOKEN to enable higher rate limits and faster downloads.

🚀 [PID: 62736] Running Exp 4: GQA + RoPE (28 Layers) at Length 1024...
      Initializing model weights...
      Compiling XLA Graphs (This will take a moment, but only once!)...
      Params: 360.00M | VRAM: 2121.61 MB | TTFT: 0.2634s | TPOT: 0.0751s
💤 Sleeping for 1 minute to stabilize thermals...
--> Initiating Exp 7: GTA + ALiBi (30 Layers) at Length 2048
[transformers] PyTorch was not found. Models won't be available and only tokenizers, configuration and file/data utilities can be used.
Warning: You are sending unauthenticated requests to the HF Hub. Please set a HF_TOKEN to enable higher rate limits and faster downloads.

🚀 [PID: 65233] Running Exp 7: GTA + ALiBi (30 Layers) at Length 2048...
      Initializing model weights...
      Compiling XLA Graphs (This will take a moment, but only once!)...
      Params: 397.77M | VRAM: 2337.79 MB | TTFT: 0.3445s | TPOT: 0.0603s
💤 Sleeping for 1 minute to stabilize thermals...
--> Initiating Exp 2: GQA + RoPE (24 Layers) at Length 512
[transformers] PyTorch was not found. Models won't be available and only tokenizers, configuration and file/data utilities can be used.
Warning: You are sending unauthenticated requests to the HF Hub. Please set a HF_TOKEN to enable higher rate limits and faster downloads.

🚀 [PID: 67597] Running Exp 2: GQA + RoPE (24 Layers) at Length 512...
      Initializing model weights...
      Compiling XLA Graphs (This will take a moment, but only once!)...
      Params: 315.93M | VRAM: 1870.76 MB | TTFT: 0.2637s | TPOT: 0.0655s
💤 Sleeping for 1 minute to stabilize thermals...
==========================================
    ALL PROFILES COMPLETE. PLOTTING...
==========================================
Traceback (most recent call last):
  File "/home/Development/attention-exploration/GTA/plot_results.py", line 3, in <module>
    import matplotlib.pyplot as plt
ModuleNotFoundError: No module named 'matplotlib'
